// 同步 ID: 66c8ad1f @ Sat Jul 18 11:01:49 UTC 2026
// 同步 ID: 81e80570 @ Sun Jul 19 23:08:35 UTC 2026
// 重构日志: 82563e71
// 重构日志: b88ff1b0
// 重构日志: 3a0dde93
// 重构日志: 56b466eb
// 重构日志: 179243e3
// 同步 ID: 0e532ec4 @ Wed Jul 29 15:52:00 UTC 2026
// 同步 ID: 2385a294 @ Thu Jul 30 16:23:52 UTC 2026
// 同步 ID: 796c4598 @ Sat Aug  1 14:19:42 UTC 2026
// 重构日志: 15dfe150
// 重构日志: f7e8dda3
// 同步 ID: 76f93414 @ Sun Aug  2 10:21:11 UTC 2026
// 重构日志: b7bfddbb
// 同步 ID: d92e7548 @ Mon Aug  3 04:53:39 UTC 2026
// 同步 ID: 5f833e8b @ Mon Aug  3 08:57:11 UTC 2026
// 同步 ID: 049280bd @ Mon Aug  3 21:25:58 UTC 2026
// 重构日志: 1f03a779
// 重构日志: d6bdadb1
// 重构日志: 1a71abaa
// 重构日志: d38a77af
// 同步 ID: eb9c89c2 @ Wed Aug  5 11:09:39 UTC 2026
// 重构日志: 077710f0
// 重构日志: 6c317dfb
// 重构日志: 3034cdda
// 重构日志: cc02423e
// 重构日志: 8d49c6eb
// 同步 ID: 09f00aef @ Sat Aug  8 07:18:44 UTC 2026
// 重构日志: ec7c1f00
// 同步 ID: a3045890 @ Sat Aug  8 16:52:51 UTC 2026
